// Vitest Snapshot v1, https://vitest.dev/guide/snapshot.html

exports[`DuringGame unit tests > Renders DuringGame correctly 1`] = `
<div>
  <div
    id="imageContainer"
  >
    <img
      alt="picture of convention"
      id="image"
      src="/src/assets/nMpQXwq.jpg"
    />
  </div>
</div>
`;

exports[`DuringGame unit tests > Renders stage select 1`] = `
<div>
  <div
    id="imageContainer"
  >
    <img
      alt="picture of convention"
      id="image"
      src="/src/assets/nMpQXwq.jpg"
    />
  </div>
</div>
`;
